[pi2dsh] loaded pi2dsh-builtins: 0 tools, 1 commands, 0 skill roots
[pi2dsh engine] preparing 1 Pi package(s): pi-hermes-memory
[pi2dsh] loaded pi-hermes-memory: 6 tools, 10 commands, 0 skill roots (host anchor)
[pi2dsh] pi-hermes-memory: resources_discover mounted 2 skill root(s) as pi2dsh-pi-hermes-memory-discovered-1
[pi2dsh] loaded pi-hermes-memory: 6 tools, 10 commands, 0 skill roots
Both skills loaded and their procedures followed.

- **`hermes-proof-5c719409`** verification word: **ORCHID1f74e0e12f57**
- **`hermes-proof-5c719409-project`** verification word: **PROJECTORCHID1f74e0e12f57**
[pi2dsh] tool memory_add: $.properties.category.~optional: constraint is not enforced by DSH and was dropped
[pi2dsh] tool skill_manage: $.properties.scope.~optional: constraint is not enforced by DSH and was dropped
[pi2dsh] tool session_search: $.properties.role.~optional: constraint is not enforced by DSH and was dropped
[pi2dsh] tool session_search: $.properties.limit.minimum: constraint is not enforced by DSH and was dropped
[pi2dsh] tool session_search: $.properties.limit.maximum: constraint is not enforced by DSH and was dropped
[pi2dsh] tool session_search: $.properties.snippetChars.minimum: constraint is not enforced by DSH and was dropped
[pi2dsh] tool session_search: $.properties.snippetChars.maximum: constraint is not enforced by DSH and was dropped
[pi2dsh] tool memory_search: $.properties.target.~optional: constraint is not enforced by DSH and was dropped
[pi2dsh] tool memory_search: $.properties.category.~optional: constraint is not enforced by DSH and was dropped
[pi2dsh] tool memory_add: $.properties.category.~optional: constraint is not enforced by DSH and was dropped
[pi2dsh] tool skill_manage: $.properties.scope.~optional: constraint is not enforced by DSH and was dropped
[pi2dsh] tool session_search: $.properties.role.~optional: constraint is not enforced by DSH and was dropped
[pi2dsh] tool session_search: $.properties.limit.minimum: constraint is not enforced by DSH and was dropped
[pi2dsh] tool session_search: $.properties.limit.maximum: constraint is not enforced by DSH and was dropped
[pi2dsh] tool session_search: $.properties.snippetChars.minimum: constraint is not enforced by DSH and was dropped
[pi2dsh] tool session_search: $.properties.snippetChars.maximum: constraint is not enforced by DSH and was dropped
[pi2dsh] tool memory_search: $.properties.target.~optional: constraint is not enforced by DSH and was dropped
[pi2dsh] tool memory_search: $.properties.category.~optional: constraint is not enforced by DSH and was dropped
dsh: reasoning:
The user wants me to use the native skill tool to load two skills. Let me do that. I should call the skill tool for both skills in one block since they're independent.
